Loading features and labels...
Training set: 1620 examples, 5 features
  Class 0: 82
  Class 1: 1538

Training with 5-fold cross-validation...
5-Fold CV Accuracy: 0.9809 (+/- 0.0063)

Fitting final model...
Train Accuracy (threshold=0.5): 0.9833

Tuning threshold (0.50 - 0.95)...

Threshold Sweep Results:
Threshold    Accuracy     Precision    Recall       F1          
------------------------------------------------------------
0.50         0.9833       1.0000       0.9824       0.9911      
0.55         0.9827       1.0000       0.9818       0.9908      
0.60         0.9772       1.0000       0.9759       0.9878      
0.65         0.9710       1.0000       0.9694       0.9845      
0.70         0.9679       1.0000       0.9662       0.9828      
0.75         0.9648       1.0000       0.9629       0.9811      
0.80         0.9617       1.0000       0.9597       0.9794      
0.85         0.9525       1.0000       0.9499       0.9743      
0.90         0.9327       1.0000       0.9291       0.9633      
0.95         0.9216       1.0000       0.9174       0.9569      

✓ Auto-selected threshold: 0.50 (accuracy=0.9833)
✓ Saved model to /Users/qjy/Emory/2026spring/CS 572/cs572-finalProject/router_v2/model.pkl
✓ Saved threshold to /Users/qjy/Emory/2026spring/CS 572/cs572-finalProject/router_v2/threshold.json

--- Final Results (Threshold = 0.50) ---
  Accuracy:  98.33%
  Precision: 100.00%
  Recall:    98.24%
  F1:        99.11%
  Confusion Matrix:
[[  82    0]
 [  27 1511]]
